root@kali:~/Desktop/CEH# locate rockyou.txt
/usr/share/wordlists/rockyou.txt
root@kali:~/Desktop/CEH# updatedb
root@kali:~/Desktop/CEH# cat /usr/share/wordlists/rockyou.txt | wc -l
14344392
root@kali:~/Desktop/CEH# cat /usr/share/wordlists/rockyou.txt | grep batman | wc -l
906
root@kali:~/Desktop/CEH# cat /usr/share/wordlists/rockyou.txt | grep kiit 
kiitos
kkiittyy
lokiita
kiitty
flakiito
zakiits
lekiitahw
kiitt197
kiitf2
hellokiity
frankiito
0deckiitha
ziikiita08
yukiita
wikiitomas1
vriikiita
tuxiikiitabeiia
ttkkiittyy77
tokiita
tekiita
sparkiit14
spankiitaygh1.
skiittlesz
skiitle
skiitl3sz
skiiterii
skiitaly
shikiita
rakiitoni
pukiitha
pukiita16
pekiita
patukiita
parkiitasweet
pankiitHa23
palokiita
pakiitasa
oyukiitaimoxxa
olakiitan
ohikiitavaa
niikiita1
nekiitaah
muiiekiitha
monniikiitha
monikiita
moikiitos2
mikiitace
mikiit1
mhalkiita15
markiito
markiit
makiitah12
maRkiitho0
m0olkiitah91415
lokiito
lokiitho
lokiitha
lokiitaporchiivas
lokiitaah
lokiita^^!
lokiita92
lokiita8
lokiita16
lokiita13
lokiita1
lokiita!
lockiitha123
lo0kiitha
lakiitlog
l0kiit0Xtii
kyonkiitna
kukiita0112
kudao_biizkiit
kkiitty
kkiittkkaatt21
kikiitot
kiitys1
kiityrockhell
kiitycat678
kiity13
kiity12
kiity
kiittyy23
kiittykitty56
kiitty869
kiitty23
kiitty21
kiitty16
kiitty07
kiitten12
kiitotavaraa
kiitoslintu
kiitosfriends
kiitos666
kiito
kiitn2
kiitmann
kiitkat7
kiitkat
kiitii1
kiithsa1
kiite
kiitchie
kiitbbsr
kiitah
kiita60
kiita
kiit969
kiit142
kiikiita
kalakiita12
kakiita9
jessiikiita    
iskiit2268
ikkiitsuki
hinekiitahi
fuckiit
francezkiita
fr3akiitonaz
flakiitha6
flakiitateamo
flakiita25
flakiita16
flakiita15
flakiita!!
flakiita
eriikiitha
erickiita89
ekiita
drenkiita
djskiit1
dankiita
cutekiit
ckiita1
chiikiito
chiikiita
blankiitazenzoal
ankiitaaa
ankiit2005
amelikiita
alkiitbe
aditi kiit
aannkkiittgg
Skiitles
Rikkiita
Lokiita
FuCkiitx3
BekiitA12
357kkiittyy357
1kiitjinjin1
1.kiitos
root@kali:~/Desktop/CEH# cat /usr/share/wordlists/rockyou.txt | grep 123@kiit 
root@kali:~/Desktop/CEH# cat /usr/share/wordlists/rockyou.txt | grep 123@ | wc -l 
771
root@kali:~/Desktop/CEH# cat /usr/share/wordlists/rockyou.txt | grep hacker@# | wc -l 
0
root@kali:~/Desktop/CEH# cd !
bash: cd: !: No such file or directory
root@kali:~/Desktop/CEH# cd ~
root@kali:~# git clone https://github.com/danielmiessler/SecLists.git
Cloning into 'SecLists'...
remote: Enumerating objects: 18, done.
remote: Counting objects: 100% (18/18), done.
remote: Compressing objects: 100% (18/18), done.
Receiving objects:  90% (7301/8085), 410.64 MiB | 7.06 MiB/s    
Receiving objects:  90% (7301/8085), 419.36 MiB | 7.80 MiB/s   
remote: Total 8085 (delta 4), reused 5 (delta 0), pack-reused 8067
Receiving objects: 100% (8085/8085), 513.89 MiB | 4.98 MiB/s, done.
Resolving deltas: 100% (4051/4051), done.
  ecking out files:  96% (5072/5252)   
Checking out files: 100% (5252/5252), done.
root@kali:~# 
root@kali:~# 
root@kali:~# 
root@kali:~# crunch
crunch version 3.6

Crunch can create a wordlist based on criteria you specify.  The output from crunch can be sent to the screen, file, or to another program.

Usage: crunch <min> <max> [options]
where min and max are numbers

Please refer to the man page for instructions and examples on how to use crunch.
root@kali:~# man crunch
root@kali:~# 
root@kali:~# 

